[unrr.cz/index.html]
[backblue.gif]
[fade.gif]
[index.html]
[unrr.cz/wp-content/cache/autoptimize/css/autoptimize_6009a6339a50d3456a3c5c5e869a670e.css]
[unrr.cz/wp-includes/js/jquery/jquery4a5f.js]
[unrr.cz/kalendar/indexedf3.html]
[unrr.cz/comments/feed/index.html]
[unrr.cz/feed/index.html]
[unrr.cz/wp-json/index.html]
[unrr.cz/wp-includes/wlwmanifest.xml]
[unrr.cz/wp-json/oembed/1.0/embed9a55.json]
[unrr.cz/wp-json/oembed/1.0/embed7e53]
[unrr.cz/wp-content/uploads/2018/06/cropped-logo-unrr-symlbol-h40-32x32.png]
[unrr.cz/wp-content/uploads/2018/06/cropped-logo-unrr-symlbol-h40-192x192.png]
[unrr.cz/wp-content/uploads/2018/06/cropped-logo-unrr-symlbol-h40-180x180.png]
[unrr.cz/wp-content/uploads/2018/10/NRR_logo_308x100.png]
[unrr.cz/wp-json/tribe/events/v1/index.html]
[unrr.cz/en/index.html]
[unrr.cz/wp-content/uploads/2018/07/Škoda-Auto-výroba-400x400.jpg]
[unrr.cz/o-rade/index.html]
[unrr.cz/wp-content/uploads/2020/07/Školství-1-400x315.jpg]
[unrr.cz/clenove-narodni-rozpoctove-rady/index.html]
[unrr.cz/vybor-pro-rozpoctove-prognozy/index.html]
[unrr.cz/kdo-jsme-a-co-delame/index.html]
[unrr.cz/wp-content/uploads/2020/07/OBR-plnění-062020-400x400.jpg]
[unrr.cz/casto-kladene-otazky/index.html]
[unrr.cz/vydavame/sdeleni/index.html]
[unrr.cz/vydavame/index.html]
[unrr.cz/wp-content/uploads/2020/06/Zpráva-400x400.jpg]
[unrr.cz/vydavame/stanoviska/index.html]
[unrr.cz/wp-content/uploads/2020/06/Vyjádření-400x400.jpg]
[unrr.cz/vydavame/komentare-a-dalsi-dokumenty/index.html]
[unrr.cz/vydavame/studie/index.html]
[unrr.cz/plan-cinnosti/index.html]
[unrr.cz/wp-content/uploads/2020/06/20200603_Stanovisko-400x400.jpg]
[unrr.cz/rozpocty-pod-drobnohledem/index.html]
[unrr.cz/urad-narodni-rozpoctove-rady/index.html]
[unrr.cz/vedouci-uradu/index.html]
[unrr.cz/organizacni-struktura/index.html]
[unrr.cz/wp-content/plugins/rotatingtweets/images/twitter-bird-16x16.png]
[unrr.cz/provozni-informace/index.html]
[unrr.cz/uredni-deska/index.html]
[unrr.cz/o-uradu-narodni-rozpoctove-rady/index.html]
[unrr.cz/wp-content/plugins/rotatingtweets/images/reply.png]
[unrr.cz/rozpocet-uradu/index.html]
[unrr.cz/wp-content/plugins/rotatingtweets/images/retweet.png]
[unrr.cz/zaverecny-ucet-kapitoly/index.html]
[unrr.cz/vyrocni-zprava-uradu-narodni-rozpoctove-rady/index.html]
[unrr.cz/verejne-zakazky/index.html]
[unrr.cz/wp-content/plugins/rotatingtweets/images/favorite.png]
[unrr.cz/poskytovani-informaci/index.html]
[unrr.cz/pro-media/index.html]
[unrr.cz/kariera/index.html]
[unrr.cz/jquery-swiper.css]
[unrr.cz/narodni-rozpoctova-rada-v-mediich/index.html]
[unrr.cz/pro-media-2/index.html]
[unrr.cz/tiskove-zpravy/index.html]
[unrr.cz/prezentace-a-vystoupeni-clenu-nrr/index.html]
[unrr.cz/wp-block-library.css]
[unrr.cz/verejne-vydaje-na-skolstvi-porostou-i-pres-pokles-poctu-zaku-ukazala-nova-studie-unrr/index.html]
[unrr.cz/druhe-ctvrtleti-prineslo-historicky-nejvetsi-pokles-ceske-ekonomiky-hdp-se-propadl-o-temer-11/index.html]
[unrr.cz/kontakty/index.html]
[unrr.cz/poslanci-schvalili-zvyseni-schodku-statniho-rozpoctu-na-pul-bilionu-korun/index.html]
[unrr.cz/cookie-notice-front.css]
[unrr.cz/pandemie-covid-19-umocnila-problem-dlouhodobe-neudrzitelnosti-ceskych-verejnych-financi-cas-na-hledani-reseni-se-zkratil/index.html]
[unrr.cz/nrr-povazuje-navrh-na-dalsi-zvyseni-rozpoctoveho-deficitu-za-predcasny-nadmerny-a-neopodstatneny/index.html]
[unrr.cz/stat-by-mel-obcim-a-krajum-kompenzovat-vypadek-prijmu-uvadi-nrr-ve-svem-novem-stanovisku/index.html]
[unrr.cz/aktuality/index.html]
[unrr.cz/rotatingtweets.css]
[unrr.cz/kalendar/index.html]
[unrr.cz/povinne-zverejnovane-informace/index.html]
[unrr.cz/zpracovani-osobnich-udaju/index.html]
[unrr.cz/vyhlaska-o-pristupnosti/index.html]
[unrr.cz/orbisius_ct_itideas_child_theme_parent_style.css]
[unrr.cz/orbisius_ct_itideas_child_theme_parent_style_child_style.css]
[unrr.cz/cherry-google-fonts-itideas.css]
[unrr.cz/linearicons.css]
[unrr.cz/tm-builder-swiper.css]
[unrr.cz/tm-builder-modules-grid.css]
[unrr.cz/tm-builder-modules-style.css]
[unrr.cz/magnific-popup.css]
[unrr.cz/font-awesome.css]
[unrr.cz/tm-builder-modules-global-functions-script.js]
[unrr.cz/jquery-swiper.js]
[unrr.cz/cookie-notice-front.js]
[unrr.cz/cherry-post-formats.js]
[unrr.cz/google-maps-api.js]
[unrr.cz/divi-fitvids.js]
[unrr.cz/waypoints.js]
[unrr.cz/magnific-popup.js]
[unrr.cz/tm-jquery-touch-mobile.js]
[unrr.cz/tm-builder-frontend-closest-descendent.js]
[unrr.cz/tm-builder-frontend-reverse.js]
[unrr.cz/tm-builder-frontend-simple-carousel.js]
[unrr.cz/tm-builder-frontend-simple-slider.js]
[unrr.cz/tm-builder-frontend-easy-pie-chart.js]
[unrr.cz/tm-builder-frontend-tm-hash.js]
[unrr.cz/tm-builder-modules-script.js]
[unrr.cz/tm-builder-swiper.js]
[unrr.cz/fittext.js]
[unrr.cz/wp-content/uploads/2020/05/Zásady-používání-cookies_ÚNRR.pdf]
[unrr.cz/index.html]
[unrr.cz/xmlrpc.html]
[unrr.cz/wp-content/themes/itideas/assets/fonts/linearicons.ttf]
[unrr.cz/wp-content/plugins/power-builder/framework/assets/css/images/preloader.38.delayed]
[unrr.cz/wp-content/themes/itideas/assets/fonts/fontawesome-webfont5b62.eot]
[unrr.cz/wp-content/themes/itideas/assets/fonts/materialicons-regular.eot]
[unrr.cz/wp-content/cache/autoptimize/js/autoptimize_11e24d22ef140f9d2c6b8d77f15fe7eb.js]
[unrr.cz/wp-content/cache/autoptimize/css/autoptimize_6009a6339a50d3456a3c5c5e869a670e.css]
[unrr.cz/comments/feed/index.html]
[unrr.cz/xmlrpc0db0.html]
[unrr.cz/en/feed/index.html]
[unrr.cz/wp-content/cache/autoptimize/css/autoptimize_fe851d01e18652225626697e6de2c303.css]
[unrr.cz/wp-json/oembed/1.0/embed405e.json]
[unrr.cz/wp-json/oembed/1.0/embed21b6]
[unrr.cz/en/comments/feed/index.html]
[unrr.cz/wp-content/uploads/2018/12/NRR_logo_en_470x100.png]
[unrr.cz/wp-content/uploads/2020/06/Graf-EN-400x400.jpg]
[unrr.cz/wp-content/uploads/2020/06/Opinion-3-June-20-400x400.jpg]
[unrr.cz/en/members-of-the-national-budget-council/index.html]
[unrr.cz/wp-content/uploads/2020/05/Public-400x400.jpg]
[unrr.cz/en/who-we-are-and-what-we-do/index.html]
[unrr.cz/en/committee-on-budgetary-forecasts/index.html]
[unrr.cz/en/frequently-asked-questions-faqs/index.html]
[unrr.cz/en/reports-opinions-and-other-documents/index.html]
[unrr.cz/en/jquery-swiper.css]
[unrr.cz/en/studies/index.html]
[unrr.cz/en/budgets-under-scrutiny/index.html]
[unrr.cz/en/plan-of-activities/index.html]
[unrr.cz/en/about-the-office-of-the-national-budget-council/index.html]
[unrr.cz/en/wp-block-library.css]
[unrr.cz/en/head-of-the-office-of-the-national-budget-council/index.html]
[unrr.cz/en/organisational-structure-of-the-office-of-the-council/index.html]
[unrr.cz/en/the-budget-of-the-office/index.html]
[unrr.cz/en/principles-for-submitting-requests-for-information/index.html]
[unrr.cz/en/cookie-notice-front.css]
[unrr.cz/en/for-media/index.html]
[unrr.cz/en/public/index.html]
[unrr.cz/en/contacts/index.html]
[unrr.cz/en/the-czech-fiscal-council-has-published-its-report-on-the-long-term-sustainability-of-public-finances-shortening-time-to-find-a-solution/index.html]
[unrr.cz/en/rotatingtweets.css]
[unrr.cz/en/category/news/index.html]
[unrr.cz/en/statement-of-the-czech-fiscal-council-of-3-june-2020-on-the-development-of-public-sector-finances-and-the-set-up-of-fiscal-and-budgetary-policy/index.html]
[unrr.cz/en/deficit-of-the-czech-public-finance-to-reach-more-than-czk-300-billion-in-2020/index.html]
[unrr.cz/en/mandatory-published-information/index.html]
[unrr.cz/en/orbisius_ct_itideas_child_theme_parent_style.css]
[unrr.cz/en/orbisius_ct_itideas_child_theme_parent_style_child_style.css]
[unrr.cz/en/cherry-google-fonts-itideas.css]
[unrr.cz/en/linearicons.css]
[unrr.cz/en/tm-builder-swiper.css]
[unrr.cz/en/tm-builder-modules-grid.css]
[unrr.cz/en/tm-builder-modules-style.css]
[unrr.cz/en/magnific-popup.css]
[unrr.cz/en/font-awesome.css]
[unrr.cz/en/tm-builder-modules-global-functions-script.js]
[unrr.cz/en/jquery-swiper.js]
[unrr.cz/en/cookie-notice-front.js]
[unrr.cz/en/cherry-post-formats.js]
[unrr.cz/en/google-maps-api.js]
[unrr.cz/en/divi-fitvids.js]
[unrr.cz/en/waypoints.js]
[unrr.cz/en/magnific-popup.js]
[unrr.cz/en/tm-jquery-touch-mobile.js]
[unrr.cz/en/tm-builder-frontend-closest-descendent.js]
[unrr.cz/en/tm-builder-frontend-reverse.js]
[unrr.cz/en/tm-builder-frontend-simple-carousel.js]
[unrr.cz/en/tm-builder-frontend-simple-slider.js]
[unrr.cz/en/tm-builder-frontend-easy-pie-chart.js]
[unrr.cz/en/tm-builder-frontend-tm-hash.js]
[unrr.cz/en/tm-builder-modules-script.js]
[unrr.cz/en/tm-builder-swiper.js]
[unrr.cz/en/fittext.js]
[unrr.cz/en/index.html]
[unrr.cz/wp-content/cache/autoptimize/css/autoptimize_18f402404964cfb9e6140c4ab2a129bc.css]
[unrr.cz/wp-content/uploads/2018/06/J66C9797.jpg]
[unrr.cz/wp-json/oembed/1.0/embed9805.json]
[unrr.cz/wp-json/oembed/1.0/embed2557]
[unrr.cz/o-rade/jquery-swiper.css]
[unrr.cz/o-rade/wp-block-library.css]
[unrr.cz/o-rade/cookie-notice-front.css]
[unrr.cz/o-rade/rotatingtweets.css]
[unrr.cz/o-rade/orbisius_ct_itideas_child_theme_parent_style.css]
[unrr.cz/o-rade/orbisius_ct_itideas_child_theme_parent_style_child_style.css]
[unrr.cz/o-rade/cherry-google-fonts-itideas.css]
[unrr.cz/o-rade/linearicons.css]
[unrr.cz/o-rade/tm-builder-swiper.css]
[unrr.cz/o-rade/tm-builder-modules-grid.css]
[unrr.cz/o-rade/tm-builder-modules-style.css]
[unrr.cz/o-rade/magnific-popup.css]
[unrr.cz/o-rade/font-awesome.css]
[unrr.cz/o-rade/tm-builder-modules-global-functions-script.js]
[unrr.cz/o-rade/jquery-swiper.js]
[unrr.cz/o-rade/cookie-notice-front.js]
[unrr.cz/o-rade/cherry-post-formats.js]
[unrr.cz/o-rade/google-maps-api.js]
[unrr.cz/o-rade/divi-fitvids.js]
[unrr.cz/o-rade/waypoints.js]
[unrr.cz/o-rade/magnific-popup.js]
[unrr.cz/o-rade/tm-jquery-touch-mobile.js]
[unrr.cz/o-rade/tm-builder-frontend-closest-descendent.js]
[unrr.cz/o-rade/tm-builder-frontend-reverse.js]
[unrr.cz/o-rade/tm-builder-frontend-simple-carousel.js]
[unrr.cz/o-rade/tm-builder-frontend-simple-slider.js]
[unrr.cz/o-rade/tm-builder-frontend-easy-pie-chart.js]
[unrr.cz/o-rade/tm-builder-frontend-tm-hash.js]
[unrr.cz/o-rade/tm-builder-modules-script.js]
[unrr.cz/o-rade/tm-builder-swiper.js]
[unrr.cz/o-rade/fittext.js]
[unrr.cz/o-rade/index.html]
[unrr.cz/wp-content/cache/autoptimize/js/autoptimize_d5728e8a81507d826622c3a309e067a5.js]
[unrr.cz/wp-json/oembed/1.0/embed7be2.json]
[unrr.cz/wp-json/oembed/1.0/embed7389]
[unrr.cz/wp-content/uploads/2019/01/Jednací-řád_NRR.pdf]
[unrr.cz/kdo-jsme-a-co-delame/jquery-swiper.css]
[unrr.cz/kdo-jsme-a-co-delame/wp-block-library.css]
[unrr.cz/kdo-jsme-a-co-delame/cookie-notice-front.css]
[unrr.cz/kdo-jsme-a-co-delame/rotatingtweets.css]
[unrr.cz/kdo-jsme-a-co-delame/orbisius_ct_itideas_child_theme_parent_style.css]
[unrr.cz/kdo-jsme-a-co-delame/orbisius_ct_itideas_child_theme_parent_style_child_style.css]
[unrr.cz/kdo-jsme-a-co-delame/cherry-google-fonts-itideas.css]
[unrr.cz/kdo-jsme-a-co-delame/linearicons.css]
[unrr.cz/kdo-jsme-a-co-delame/tm-builder-swiper.css]
[unrr.cz/kdo-jsme-a-co-delame/tm-builder-modules-grid.css]
[unrr.cz/kdo-jsme-a-co-delame/tm-builder-modules-style.css]
[unrr.cz/kdo-jsme-a-co-delame/magnific-popup.css]
[unrr.cz/kdo-jsme-a-co-delame/font-awesome.css]
[unrr.cz/kdo-jsme-a-co-delame/tm-builder-modules-global-functions-script.js]
[unrr.cz/kdo-jsme-a-co-delame/jquery-swiper.js]
[unrr.cz/kdo-jsme-a-co-delame/cookie-notice-front.js]
[unrr.cz/kdo-jsme-a-co-delame/cherry-post-formats.js]
[unrr.cz/kdo-jsme-a-co-delame/google-maps-api.js]
[unrr.cz/kdo-jsme-a-co-delame/divi-fitvids.js]
[unrr.cz/kdo-jsme-a-co-delame/waypoints.js]
[unrr.cz/kdo-jsme-a-co-delame/magnific-popup.js]
[unrr.cz/kdo-jsme-a-co-delame/tm-jquery-touch-mobile.js]
[unrr.cz/kdo-jsme-a-co-delame/tm-builder-frontend-closest-descendent.js]
[unrr.cz/kdo-jsme-a-co-delame/tm-builder-frontend-reverse.js]
[unrr.cz/kdo-jsme-a-co-delame/tm-builder-frontend-simple-carousel.js]
[unrr.cz/kdo-jsme-a-co-delame/tm-builder-frontend-simple-slider.js]
[unrr.cz/kdo-jsme-a-co-delame/tm-builder-frontend-easy-pie-chart.js]
[unrr.cz/kdo-jsme-a-co-delame/tm-builder-frontend-tm-hash.js]
[unrr.cz/kdo-jsme-a-co-delame/tm-builder-modules-script.js]
[unrr.cz/kdo-jsme-a-co-delame/tm-builder-swiper.js]
[unrr.cz/kdo-jsme-a-co-delame/fittext.js]
[unrr.cz/kdo-jsme-a-co-delame/index.html]
[unrr.cz/wp-content/uploads/2019/07/MDR7070_corr.jpg]
[unrr.cz/wp-json/oembed/1.0/embed08d1.json]
[unrr.cz/wp-json/oembed/1.0/embed0597]
[unrr.cz/wp-content/uploads/2018/06/J66C9728-300x200.jpg]
[unrr.cz/wp-content/uploads/2018/06/J66C9704.jpg]
[unrr.cz/clenove-narodni-rozpoctove-rady/jquery-swiper.css]
[unrr.cz/clenove-narodni-rozpoctove-rady/wp-block-library.css]
[unrr.cz/clenove-narodni-rozpoctove-rady/cookie-notice-front.css]
[unrr.cz/clenove-narodni-rozpoctove-rady/rotatingtweets.css]
[unrr.cz/clenove-narodni-rozpoctove-rady/orbisius_ct_itideas_child_theme_parent_style.css]
[unrr.cz/clenove-narodni-rozpoctove-rady/orbisius_ct_itideas_child_theme_parent_style_child_style.css]
[unrr.cz/clenove-narodni-rozpoctove-rady/cherry-google-fonts-itideas.css]
[unrr.cz/clenove-narodni-rozpoctove-rady/linearicons.css]
[unrr.cz/clenove-narodni-rozpoctove-rady/tm-builder-swiper.css]
[unrr.cz/clenove-narodni-rozpoctove-rady/tm-builder-modules-grid.css]
[unrr.cz/clenove-narodni-rozpoctove-rady/tm-builder-modules-style.css]
[unrr.cz/clenove-narodni-rozpoctove-rady/magnific-popup.css]
[unrr.cz/clenove-narodni-rozpoctove-rady/font-awesome.css]
[unrr.cz/clenove-narodni-rozpoctove-rady/tm-builder-modules-global-functions-script.js]
[unrr.cz/clenove-narodni-rozpoctove-rady/jquery-swiper.js]
[unrr.cz/clenove-narodni-rozpoctove-rady/cookie-notice-front.js]
[unrr.cz/clenove-narodni-rozpoctove-rady/cherry-post-formats.js]
[unrr.cz/clenove-narodni-rozpoctove-rady/google-maps-api.js]
[unrr.cz/clenove-narodni-rozpoctove-rady/divi-fitvids.js]
[unrr.cz/clenove-narodni-rozpoctove-rady/waypoints.js]
[unrr.cz/clenove-narodni-rozpoctove-rady/magnific-popup.js]
[unrr.cz/clenove-narodni-rozpoctove-rady/tm-jquery-touch-mobile.js]
[unrr.cz/clenove-narodni-rozpoctove-rady/tm-builder-frontend-closest-descendent.js]
[unrr.cz/clenove-narodni-rozpoctove-rady/tm-builder-frontend-reverse.js]
[unrr.cz/clenove-narodni-rozpoctove-rady/tm-builder-frontend-simple-carousel.js]
[unrr.cz/clenove-narodni-rozpoctove-rady/tm-builder-frontend-simple-slider.js]
[unrr.cz/clenove-narodni-rozpoctove-rady/tm-builder-frontend-easy-pie-chart.js]
[unrr.cz/clenove-narodni-rozpoctove-rady/tm-builder-frontend-tm-hash.js]
[unrr.cz/clenove-narodni-rozpoctove-rady/tm-builder-modules-script.js]
[unrr.cz/clenove-narodni-rozpoctove-rady/tm-builder-swiper.js]
[unrr.cz/clenove-narodni-rozpoctove-rady/fittext.js]
[unrr.cz/clenove-narodni-rozpoctove-rady/index.html]
[unrr.cz/wp-json/oembed/1.0/embed5952.json]
[unrr.cz/wp-json/oembed/1.0/embed1652]
[unrr.cz/wp-content/uploads/2020/01/Statut-Výboru.pdf]
[unrr.cz/wp-content/uploads/2020/01/Jednací-řád-Výboru.pdf]
[unrr.cz/vybor-pro-rozpoctove-prognozy/jquery-swiper.css]
[unrr.cz/vybor-pro-rozpoctove-prognozy/wp-block-library.css]
[unrr.cz/vybor-pro-rozpoctove-prognozy/cookie-notice-front.css]
[unrr.cz/vybor-pro-rozpoctove-prognozy/rotatingtweets.css]
[unrr.cz/vybor-pro-rozpoctove-prognozy/orbisius_ct_itideas_child_theme_parent_style.css]
[unrr.cz/vybor-pro-rozpoctove-prognozy/orbisius_ct_itideas_child_theme_parent_style_child_style.css]
[unrr.cz/vybor-pro-rozpoctove-prognozy/cherry-google-fonts-itideas.css]
[unrr.cz/vybor-pro-rozpoctove-prognozy/linearicons.css]
[unrr.cz/vybor-pro-rozpoctove-prognozy/tm-builder-swiper.css]
[unrr.cz/vybor-pro-rozpoctove-prognozy/tm-builder-modules-grid.css]
[unrr.cz/vybor-pro-rozpoctove-prognozy/tm-builder-modules-style.css]
[unrr.cz/vybor-pro-rozpoctove-prognozy/magnific-popup.css]
[unrr.cz/vybor-pro-rozpoctove-prognozy/font-awesome.css]
[unrr.cz/vybor-pro-rozpoctove-prognozy/tm-builder-modules-global-functions-script.js]
[unrr.cz/vybor-pro-rozpoctove-prognozy/jquery-swiper.js]
[unrr.cz/vybor-pro-rozpoctove-prognozy/cookie-notice-front.js]
[unrr.cz/vybor-pro-rozpoctove-prognozy/cherry-post-formats.js]
[unrr.cz/vybor-pro-rozpoctove-prognozy/google-maps-api.js]
[unrr.cz/vybor-pro-rozpoctove-prognozy/divi-fitvids.js]
[unrr.cz/vybor-pro-rozpoctove-prognozy/waypoints.js]
[unrr.cz/vybor-pro-rozpoctove-prognozy/magnific-popup.js]
[unrr.cz/vybor-pro-rozpoctove-prognozy/tm-jquery-touch-mobile.js]
[unrr.cz/vybor-pro-rozpoctove-prognozy/tm-builder-frontend-closest-descendent.js]
[unrr.cz/vybor-pro-rozpoctove-prognozy/tm-builder-frontend-reverse.js]
[unrr.cz/vybor-pro-rozpoctove-prognozy/tm-builder-frontend-simple-carousel.js]
[unrr.cz/vybor-pro-rozpoctove-prognozy/tm-builder-frontend-simple-slider.js]
[unrr.cz/vybor-pro-rozpoctove-prognozy/tm-builder-frontend-easy-pie-chart.js]
[unrr.cz/vybor-pro-rozpoctove-prognozy/tm-builder-frontend-tm-hash.js]
[unrr.cz/vybor-pro-rozpoctove-prognozy/tm-builder-modules-script.js]
[unrr.cz/vybor-pro-rozpoctove-prognozy/tm-builder-swiper.js]
[unrr.cz/vybor-pro-rozpoctove-prognozy/fittext.js]
[unrr.cz/vybor-pro-rozpoctove-prognozy/index.html]
[unrr.cz/wp-json/oembed/1.0/embed7962.json]
[unrr.cz/wp-json/oembed/1.0/embed1f1d]
[unrr.cz/casto-kladene-otazky/jquery-swiper.css]
[unrr.cz/casto-kladene-otazky/wp-block-library.css]
[unrr.cz/casto-kladene-otazky/cookie-notice-front.css]
[unrr.cz/casto-kladene-otazky/rotatingtweets.css]
[unrr.cz/casto-kladene-otazky/orbisius_ct_itideas_child_theme_parent_style.css]
[unrr.cz/casto-kladene-otazky/orbisius_ct_itideas_child_theme_parent_style_child_style.css]
[unrr.cz/casto-kladene-otazky/cherry-google-fonts-itideas.css]
[unrr.cz/casto-kladene-otazky/linearicons.css]
[unrr.cz/casto-kladene-otazky/tm-builder-swiper.css]
[unrr.cz/casto-kladene-otazky/tm-builder-modules-grid.css]
[unrr.cz/casto-kladene-otazky/tm-builder-modules-style.css]
[unrr.cz/casto-kladene-otazky/magnific-popup.css]
[unrr.cz/casto-kladene-otazky/font-awesome.css]
[unrr.cz/casto-kladene-otazky/tm-builder-modules-global-functions-script.js]
[unrr.cz/casto-kladene-otazky/jquery-swiper.js]
[unrr.cz/casto-kladene-otazky/cookie-notice-front.js]
[unrr.cz/casto-kladene-otazky/cherry-post-formats.js]
[unrr.cz/casto-kladene-otazky/google-maps-api.js]
[unrr.cz/casto-kladene-otazky/divi-fitvids.js]
[unrr.cz/casto-kladene-otazky/waypoints.js]
[unrr.cz/casto-kladene-otazky/magnific-popup.js]
[unrr.cz/casto-kladene-otazky/tm-jquery-touch-mobile.js]
[unrr.cz/casto-kladene-otazky/tm-builder-frontend-closest-descendent.js]
[unrr.cz/casto-kladene-otazky/tm-builder-frontend-reverse.js]
[unrr.cz/casto-kladene-otazky/tm-builder-frontend-simple-carousel.js]
[unrr.cz/casto-kladene-otazky/tm-builder-frontend-simple-slider.js]
[unrr.cz/casto-kladene-otazky/tm-builder-frontend-easy-pie-chart.js]
[unrr.cz/casto-kladene-otazky/tm-builder-frontend-tm-hash.js]
[unrr.cz/casto-kladene-otazky/tm-builder-modules-script.js]
[unrr.cz/casto-kladene-otazky/tm-builder-swiper.js]
[unrr.cz/casto-kladene-otazky/fittext.js]
[unrr.cz/casto-kladene-otazky/index.html]
[unrr.cz/wp-json/oembed/1.0/embeda94b.json]
[unrr.cz/wp-json/oembed/1.0/embed91de]
[unrr.cz/vydavame/jquery-swiper.css]
[unrr.cz/vydavame/wp-block-library.css]
[unrr.cz/vydavame/cookie-notice-front.css]
[unrr.cz/vydavame/rotatingtweets.css]
[unrr.cz/vydavame/orbisius_ct_itideas_child_theme_parent_style.css]
[unrr.cz/vydavame/orbisius_ct_itideas_child_theme_parent_style_child_style.css]
[unrr.cz/vydavame/cherry-google-fonts-itideas.css]
[unrr.cz/vydavame/linearicons.css]
[unrr.cz/vydavame/tm-builder-swiper.css]
[unrr.cz/vydavame/tm-builder-modules-grid.css]
[unrr.cz/vydavame/tm-builder-modules-style.css]
[unrr.cz/vydavame/magnific-popup.css]
[unrr.cz/vydavame/font-awesome.css]
[unrr.cz/vydavame/tm-builder-modules-global-functions-script.js]
[unrr.cz/vydavame/jquery-swiper.js]
[unrr.cz/vydavame/cookie-notice-front.js]
[unrr.cz/vydavame/cherry-post-formats.js]
[unrr.cz/vydavame/google-maps-api.js]
[unrr.cz/vydavame/divi-fitvids.js]
[unrr.cz/vydavame/waypoints.js]
[unrr.cz/vydavame/magnific-popup.js]
[unrr.cz/vydavame/tm-jquery-touch-mobile.js]
[unrr.cz/vydavame/tm-builder-frontend-closest-descendent.js]
[unrr.cz/vydavame/tm-builder-frontend-reverse.js]
[unrr.cz/vydavame/tm-builder-frontend-simple-carousel.js]
[unrr.cz/vydavame/tm-builder-frontend-simple-slider.js]
[unrr.cz/vydavame/tm-builder-frontend-easy-pie-chart.js]
[unrr.cz/vydavame/tm-builder-frontend-tm-hash.js]
[unrr.cz/vydavame/tm-builder-modules-script.js]
[unrr.cz/vydavame/tm-builder-swiper.js]
[unrr.cz/vydavame/fittext.js]
[unrr.cz/vydavame/index.html]
[unrr.cz/wp-json/oembed/1.0/embed823e.json]
[unrr.cz/wp-json/oembed/1.0/embed3a8b]
[unrr.cz/wp-content/uploads/2020/07/Zpráva-o-dlouhodobé-udržitelnosti-veřejných-financí_2020.pdf]
[unrr.cz/wp-content/uploads/2020/06/podkladová-data-ke-grafům-a-tabulkám_Zpráva-o-dlouhodobé-udržitelnosti-VF-2020.xlsx]
[unrr.cz/wp-content/uploads/2020/04/SDĚLENÍ_výše-dluhu-k-31.12.2019.pdf]
[unrr.cz/wp-content/uploads/2019/09/Zpráva-o-plnění-pravidel-rozpočtovéodpovědnosti-za-rok-2018_A.pdf]
[unrr.cz/wp-content/uploads/2019/06/Zpráva-o-dlouhodobé-udržitelnosti-veřejných-financí-2019.pdf]
[unrr.cz/wp-content/uploads/2019/04/SDĚLENÍ_výše-dluhu-k-31.12.2018.pdf]
[unrr.cz/wp-content/uploads/2018/12/Zpráva-o-plnění-pravidel-rozpočtové-odpovědnosti-za-rok-2017.pdf]
[unrr.cz/wp-content/uploads/2018/10/Zpráva-o-dlouhodobé-udržitelnosti-veřejných-financí.pdf]
[unrr.cz/wp-content/uploads/2019/01/Reakce-NRR-na-vyjádření-Ministerstva-financí-ČR-ze-dne-19.-listopadu-2018.pdf]
[unrr.cz/wp-content/uploads/2018/05/Sdělení-Národní-rozpočtové-rady-výše-dluhu-ke-konci-2017.pdf]
[unrr.cz/vydavame/sdeleni/jquery-swiper.css]
[unrr.cz/vydavame/sdeleni/wp-block-library.css]
[unrr.cz/vydavame/sdeleni/cookie-notice-front.css]
[unrr.cz/vydavame/sdeleni/rotatingtweets.css]
[unrr.cz/vydavame/sdeleni/orbisius_ct_itideas_child_theme_parent_style.css]
[unrr.cz/vydavame/sdeleni/orbisius_ct_itideas_child_theme_parent_style_child_style.css]
[unrr.cz/vydavame/sdeleni/cherry-google-fonts-itideas.css]
[unrr.cz/vydavame/sdeleni/linearicons.css]
[unrr.cz/vydavame/sdeleni/tm-builder-swiper.css]
[unrr.cz/vydavame/sdeleni/tm-builder-modules-grid.css]
[unrr.cz/vydavame/sdeleni/tm-builder-modules-style.css]
[unrr.cz/vydavame/sdeleni/magnific-popup.css]
[unrr.cz/vydavame/sdeleni/font-awesome.css]
[unrr.cz/vydavame/sdeleni/tm-builder-modules-global-functions-script.js]
[unrr.cz/vydavame/sdeleni/jquery-swiper.js]
[unrr.cz/vydavame/sdeleni/cookie-notice-front.js]
[unrr.cz/vydavame/sdeleni/cherry-post-formats.js]
[unrr.cz/vydavame/sdeleni/google-maps-api.js]
[unrr.cz/vydavame/sdeleni/divi-fitvids.js]
[unrr.cz/vydavame/sdeleni/waypoints.js]
[unrr.cz/vydavame/sdeleni/magnific-popup.js]
[unrr.cz/vydavame/sdeleni/tm-jquery-touch-mobile.js]
[unrr.cz/vydavame/sdeleni/tm-builder-frontend-closest-descendent.js]
[unrr.cz/vydavame/sdeleni/tm-builder-frontend-reverse.js]
[unrr.cz/vydavame/sdeleni/tm-builder-frontend-simple-carousel.js]
[unrr.cz/vydavame/sdeleni/tm-builder-frontend-simple-slider.js]
[unrr.cz/vydavame/sdeleni/tm-builder-frontend-easy-pie-chart.js]
[unrr.cz/vydavame/sdeleni/tm-builder-frontend-tm-hash.js]
[unrr.cz/vydavame/sdeleni/tm-builder-modules-script.js]
[unrr.cz/vydavame/sdeleni/tm-builder-swiper.js]
[unrr.cz/vydavame/sdeleni/fittext.js]
[unrr.cz/vydavame/sdeleni/index.html]
[unrr.cz/wp-json/oembed/1.0/embedc11b.json]
[unrr.cz/wp-json/oembed/1.0/embed92cd]
[unrr.cz/wp-content/uploads/2020/06/Stanovisko-4_2020_Fiskální-a-rozpočtová-politika.pdf]
[unrr.cz/wp-content/uploads/2020/04/Stanovisko-3_2020_k-vlivu-jednorázových-a-přechodných-operací_final.pdf]
[unrr.cz/wp-content/uploads/2020/04/Stanovisko-2_2020_ke-stanovení-výdajových-rámců_final.doc.pdf]
[unrr.cz/wp-content/uploads/2020/03/Stanovisko-1_2020_Fiskální-a-rozpočtová-politika_04.03B._A.pdf]
[unrr.cz/wp-content/uploads/2019/12/Stanovisko-8_2019_Fiskální-a-rozpočtová-politika_4.12..pdf]
[unrr.cz/wp-content/uploads/2019/09/Stanovisko-7_2019_k-identifikovanému-jednorázovému-opatření-pro-rok-2020.pdf]
[unrr.cz/wp-content/uploads/2019/09/Stanovisko-6_2019_Fiskální-a-rozpočtová-politika_4.9..pdf]
[unrr.cz/wp-content/uploads/2019/06/Stanovisko-5_2019_Fiskální-a-rozpočtová-politika_5.6..pdf]
[unrr.cz/wp-content/uploads/2019/04/Stanovisko-4_2019_k-vlivu-jednorázových-a-přechodných-operací-na-příjmy-a-výdaje-sektoru-veřejných-institucí.pdf]
[unrr.cz/wp-content/uploads/2019/04/Stanovisko-3_2019_ke-stanovení-konsolidovaných-výdajových-rámců-státního-rozpočtu-a-státních-fondů.pdf]
[unrr.cz/wp-content/uploads/2019/04/Stanovisko-2_2019_metodika-odvození-výdajových-rámců_9.4.-1.pdf]
[unrr.cz/wp-content/uploads/2019/03/Stanovisko-1_2019.pdf]
[unrr.cz/wp-content/uploads/2018/12/Stanovisko-NRR_4_2018_Fiskální-a-rozpočtová-politika_5.12.pdf]
[unrr.cz/wp-content/uploads/2018/09/Stanovisko-NRR_3_2018_Fiskální-a-rozpočtová-politika_17.9..pdf]
[unrr.cz/wp-content/uploads/2018/05/Rozpoctova-strategie_2018-04-23_Stanovisko-NRR-ke-stanoveni-konsolidovanych-vydajovych-ramcu-SR-a-SF-na-leta-2019-2021.pdf]
[unrr.cz/wp-content/uploads/2018/05/Rozpoctova-strategie_2018-03-28_Stanovisko-NRR-k-Metodice-ovozeni-vydajovych-ramcu-SR-a-SF.pdf]
[unrr.cz/wp-content/uploads/2020/04/2020-04-17_stanovisko_zpetne.pdf]
[unrr.cz/wp-content/uploads/2020/04/2020-04-17_Stanovisko_fiskal-prognóza.pdf]
[unrr.cz/wp-content/uploads/2020/04/2020-04-17_Stanovisko_makro-prognóza.pdf]
[unrr.cz/wp-content/uploads/2019/11/20191113_Stanovisko_makro-prognóza.pdf]
[unrr.cz/wp-content/uploads/2019/08/20190829_Stanovisko_zpetne.pdf]
[unrr.cz/wp-content/uploads/2019/08/20190829_Stanovisko_fiskal-prognóza.pdf]
[unrr.cz/wp-content/uploads/2019/08/20190829_Stanovisko_makro-prognóza.pdf]
[unrr.cz/wp-content/uploads/2019/04/20190415_Stanovisko_fiskal-prognóza.pdf]
[unrr.cz/wp-content/uploads/2019/04/20190415_Stanovisko_makro-prognóza.pdf]
[unrr.cz/wp-content/uploads/2019/02/20190205_Stanovisko_makro-prognóza.pdf]
[unrr.cz/wp-content/uploads/2018/11/20181109_Stanovisko_fiskální-prognóza.pdf]
[unrr.cz/wp-content/uploads/2018/11/20181109_Stanovisko_makro-prognóza.pdf]
[unrr.cz/wp-content/uploads/2018/08/Vybor-pro-rozpoctove-prognozy_2018-08-08_Stanovisko-k-makroekonomicke-prognoze-z-07-2018.pdf]
[unrr.cz/wp-content/uploads/2018/09/Vybor-pro-rozpoctove-prognozy_2018-08-28_Stanovisko-k-fiskalni-prognoze.pdf]
[unrr.cz/vydavame/stanoviska/jquery-swiper.css]
[unrr.cz/vydavame/stanoviska/wp-block-library.css]
[unrr.cz/vydavame/stanoviska/cookie-notice-front.css]
[unrr.cz/vydavame/stanoviska/rotatingtweets.css]
[unrr.cz/vydavame/stanoviska/orbisius_ct_itideas_child_theme_parent_style.css]
[unrr.cz/vydavame/stanoviska/orbisius_ct_itideas_child_theme_parent_style_child_style.css]
[unrr.cz/vydavame/stanoviska/cherry-google-fonts-itideas.css]
[unrr.cz/vydavame/stanoviska/linearicons.css]
[unrr.cz/vydavame/stanoviska/tm-builder-swiper.css]
[unrr.cz/vydavame/stanoviska/tm-builder-modules-grid.css]
[unrr.cz/vydavame/stanoviska/tm-builder-modules-style.css]
[unrr.cz/vydavame/stanoviska/magnific-popup.css]
[unrr.cz/vydavame/stanoviska/font-awesome.css]
[unrr.cz/vydavame/stanoviska/tm-builder-modules-global-functions-script.js]
[unrr.cz/vydavame/stanoviska/jquery-swiper.js]
[unrr.cz/vydavame/stanoviska/cookie-notice-front.js]
[unrr.cz/vydavame/stanoviska/cherry-post-formats.js]
[unrr.cz/vydavame/stanoviska/google-maps-api.js]
[unrr.cz/vydavame/stanoviska/divi-fitvids.js]
[unrr.cz/vydavame/stanoviska/waypoints.js]
[unrr.cz/vydavame/stanoviska/magnific-popup.js]
[unrr.cz/vydavame/stanoviska/tm-jquery-touch-mobile.js]
[unrr.cz/vydavame/stanoviska/tm-builder-frontend-closest-descendent.js]
[unrr.cz/vydavame/stanoviska/tm-builder-frontend-reverse.js]
[unrr.cz/vydavame/stanoviska/tm-builder-frontend-simple-carousel.js]
[unrr.cz/vydavame/stanoviska/tm-builder-frontend-simple-slider.js]
[unrr.cz/vydavame/stanoviska/tm-builder-frontend-easy-pie-chart.js]
[unrr.cz/vydavame/stanoviska/tm-builder-frontend-tm-hash.js]
[unrr.cz/vydavame/stanoviska/tm-builder-modules-script.js]
[unrr.cz/vydavame/stanoviska/tm-builder-swiper.js]
[unrr.cz/vydavame/stanoviska/fittext.js]
[unrr.cz/vydavame/stanoviska/index.html]
[unrr.cz/wp-json/oembed/1.0/embedbfe5.json]
[unrr.cz/wp-json/oembed/1.0/embedcd00]
[unrr.cz/wp-content/uploads/2020/02/Výzkumná-studie-Vliv-zadlužení-sektoru-vládních-institucí-na-výnosovou-míru-státních-dluhopisů.pdf]
[unrr.cz/wp-content/uploads/2020/04/Informační-studie-Fiskální-náklady-pandemie-Covid-19-v-České-republice.pdf]
[unrr.cz/wp-content/uploads/2020/05/Aktualizovaný-odhad-dopadů-COVID-19-na-saldo-hospodaření-a-vývoj-dluhu-sektoru-veřejných-institucí.pdf]
[unrr.cz/wp-content/uploads/2020/04/Informační-studie-Ekonomické-dopady-a-možná-hospodářsko-politická-řešení-pandemie-Covid-19.pdf]
[unrr.cz/wp-content/uploads/2020/01/Informační-studie-Mezinárodní-srovnání-důchody_003p.pdf]
[unrr.cz/wp-content/uploads/2019/11/Délka-života-ve-zdraví.pdf]
[unrr.cz/wp-content/uploads/2019/06/Informační-studie_Robotizace-rozvoj-umělé-inteligence-a-jejich-dopad-na-ekonomiku.pdf]
[unrr.cz/wp-content/uploads/2019/06/Informační-studie-Výzkum-vývoj-a-inovace.pdf]
[unrr.cz/wp-content/uploads/2019/06/Informační-studie_Komparativní-analýza-penzijních-systémů.pdf]
[unrr.cz/wp-content/uploads/2019/06/Informační-studie_Vývoj-státního-dluhu-České-republiky.pdf]
[unrr.cz/wp-content/uploads/2020/07/Podkladová-studie-Projekce-veřejných-výdajů-na-školství.pdf]
[unrr.cz/wp-content/uploads/2019/06/Podkladová-studie_Odhady-nákladů-příspěvku-na-péči.pdf]
[unrr.cz/wp-content/uploads/2019/06/Podkladová-studie_Dlouhodobá-makroekonomická-projekce-ČR.pdf]
[unrr.cz/wp-content/uploads/2019/06/Podkladová-studie-Projekce-důchodového-systému.pdf]
[unrr.cz/vydavame/studie/jquery-swiper.css]
[unrr.cz/vydavame/studie/wp-block-library.css]
[unrr.cz/vydavame/studie/cookie-notice-front.css]
[unrr.cz/vydavame/studie/rotatingtweets.css]
[unrr.cz/vydavame/studie/orbisius_ct_itideas_child_theme_parent_style.css]
[unrr.cz/vydavame/studie/orbisius_ct_itideas_child_theme_parent_style_child_style.css]
[unrr.cz/vydavame/studie/cherry-google-fonts-itideas.css]
[unrr.cz/vydavame/studie/linearicons.css]
[unrr.cz/vydavame/studie/tm-builder-swiper.css]
[unrr.cz/vydavame/studie/tm-builder-modules-grid.css]
[unrr.cz/vydavame/studie/tm-builder-modules-style.css]
[unrr.cz/vydavame/studie/magnific-popup.css]
[unrr.cz/vydavame/studie/font-awesome.css]
[unrr.cz/vydavame/studie/tm-builder-modules-global-functions-script.js]
[unrr.cz/vydavame/studie/jquery-swiper.js]
[unrr.cz/vydavame/studie/cookie-notice-front.js]
[unrr.cz/vydavame/studie/cherry-post-formats.js]
[unrr.cz/vydavame/studie/google-maps-api.js]
[unrr.cz/vydavame/studie/divi-fitvids.js]
[unrr.cz/vydavame/studie/waypoints.js]
[unrr.cz/vydavame/studie/magnific-popup.js]
[unrr.cz/vydavame/studie/tm-jquery-touch-mobile.js]
[unrr.cz/vydavame/studie/tm-builder-frontend-closest-descendent.js]
[unrr.cz/vydavame/studie/tm-builder-frontend-reverse.js]
[unrr.cz/vydavame/studie/tm-builder-frontend-simple-carousel.js]
[unrr.cz/vydavame/studie/tm-builder-frontend-simple-slider.js]
[unrr.cz/vydavame/studie/tm-builder-frontend-easy-pie-chart.js]
[unrr.cz/vydavame/studie/tm-builder-frontend-tm-hash.js]
[unrr.cz/vydavame/studie/tm-builder-modules-script.js]
[unrr.cz/vydavame/studie/tm-builder-swiper.js]
[unrr.cz/vydavame/studie/index.html]
[unrr.cz/vydavame/komentare-a-dalsi-dokumenty/index.html]
[unrr.cz/plan-cinnosti/index.html]
[unrr.cz/rozpocty-pod-drobnohledem/index.html]
[unrr.cz/urad-narodni-rozpoctove-rady/index.html]
[unrr.cz/o-uradu-narodni-rozpoctove-rady/index.html]
[unrr.cz/vedouci-uradu/index.html]
[unrr.cz/organizacni-struktura/index.html]
[unrr.cz/uredni-deska/index.html]
[unrr.cz/provozni-informace/index.html]
[unrr.cz/rozpocet-uradu/index.html]
[unrr.cz/zaverecny-ucet-kapitoly/index.html]
[unrr.cz/vyrocni-zprava-uradu-narodni-rozpoctove-rady/index.html]
[unrr.cz/verejne-zakazky/index.html]
[unrr.cz/poskytovani-informaci/index.html]
[unrr.cz/kariera/index.html]
[unrr.cz/pro-media/index.html]
[unrr.cz/narodni-rozpoctova-rada-v-mediich/index.html]
[unrr.cz/pro-media-2/index.html]
[unrr.cz/tiskove-zpravy/index.html]
[unrr.cz/prezentace-a-vystoupeni-clenu-nrr/index.html]
[unrr.cz/kontakty/index.html]
[unrr.cz/druhe-ctvrtleti-prineslo-historicky-nejvetsi-pokles-ceske-ekonomiky-hdp-se-propadl-o-temer-11/index.html]
[unrr.cz/verejne-vydaje-na-skolstvi-porostou-i-pres-pokles-poctu-zaku-ukazala-nova-studie-unrr/index.html]
[unrr.cz/poslanci-schvalili-zvyseni-schodku-statniho-rozpoctu-na-pul-bilionu-korun/index.html]
[unrr.cz/pandemie-covid-19-umocnila-problem-dlouhodobe-neudrzitelnosti-ceskych-verejnych-financi-cas-na-hledani-reseni-se-zkratil/index.html]
[unrr.cz/nrr-povazuje-navrh-na-dalsi-zvyseni-rozpoctoveho-deficitu-za-predcasny-nadmerny-a-neopodstatneny/index.html]
[unrr.cz/stat-by-mel-obcim-a-krajum-kompenzovat-vypadek-prijmu-uvadi-nrr-ve-svem-novem-stanovisku/index.html]
[unrr.cz/aktuality/index.html]
[unrr.cz/kalendar/index.html]
[unrr.cz/povinne-zverejnovane-informace/index.html]
[unrr.cz/vyhlaska-o-pristupnosti/index.html]
[unrr.cz/zpracovani-osobnich-udaju/index.html]
[unrr.cz/jquery-swiper.html]
[unrr.cz/wp-block-library.html]
[unrr.cz/cookie-notice-front.html]
[unrr.cz/rotatingtweets.html]
[unrr.cz/orbisius_ct_itideas_child_theme_parent_style.html]
[unrr.cz/orbisius_ct_itideas_child_theme_parent_style_child_style.html]
[unrr.cz/cherry-google-fonts-itideas.html]
[unrr.cz/linearicons.html]
[unrr.cz/tm-builder-swiper.html]
[unrr.cz/tm-builder-modules-grid.html]
[unrr.cz/tm-builder-modules-style.html]
[unrr.cz/magnific-popup.html]
[unrr.cz/font-awesome.html]
[unrr.cz/tm-builder-modules-global-functions-script.html]
[unrr.cz/jquery-swiper-2.html]
[unrr.cz/cookie-notice-front-2.html]
[unrr.cz/cherry-post-formats.html]
[unrr.cz/google-maps-api.html]
[unrr.cz/divi-fitvids.html]
[unrr.cz/waypoints.html]
[unrr.cz/magnific-popup-2.html]
[unrr.cz/tm-jquery-touch-mobile.html]
[unrr.cz/tm-builder-frontend-closest-descendent.html]
[unrr.cz/tm-builder-frontend-reverse.html]
[unrr.cz/tm-builder-frontend-simple-carousel.html]
[unrr.cz/tm-builder-frontend-simple-slider.html]
[unrr.cz/tm-builder-frontend-easy-pie-chart.html]
[unrr.cz/tm-builder-frontend-tm-hash.html]
[unrr.cz/tm-builder-modules-script.html]
[unrr.cz/tm-builder-swiper-2.html]
[unrr.cz/fittext.html]
[unrr.cz/wp-content/plugins/power-builder/framework/assets/css/images/preloader.html]
[unrr.cz/wp-content/cache/autoptimize/css/autoptimize_fe851d01e18652225626697e6de2c303.css]
[unrr.cz/en/comments/feed/index.html]
[unrr.cz/en/who-we-are-and-what-we-do/index.html]
[unrr.cz/en/members-of-the-national-budget-council/index.html]
[unrr.cz/en/committee-on-budgetary-forecasts/index.html]
[unrr.cz/en/frequently-asked-questions-faqs/index.html]
[unrr.cz/en/reports-opinions-and-other-documents/index.html]
[unrr.cz/en/studies/index.html]
[unrr.cz/en/plan-of-activities/index.html]
[unrr.cz/en/budgets-under-scrutiny/index.html]
[unrr.cz/en/about-the-office-of-the-national-budget-council/index.html]
[unrr.cz/en/head-of-the-office-of-the-national-budget-council/index.html]
[unrr.cz/en/organisational-structure-of-the-office-of-the-council/index.html]
[unrr.cz/en/the-budget-of-the-office/index.html]
[unrr.cz/en/principles-for-submitting-requests-for-information/index.html]
[unrr.cz/en/public/index.html]
[unrr.cz/en/for-media/index.html]
[unrr.cz/en/contacts/index.html]
[unrr.cz/en/the-czech-fiscal-council-has-published-its-report-on-the-long-term-sustainability-of-public-finances-shortening-time-to-find-a-solution/index.html]
[unrr.cz/en/statement-of-the-czech-fiscal-council-of-3-june-2020-on-the-development-of-public-sector-finances-and-the-set-up-of-fiscal-and-budgetary-policy/index.html]
[unrr.cz/en/deficit-of-the-czech-public-finance-to-reach-more-than-czk-300-billion-in-2020/index.html]
[unrr.cz/en/category/news/index.html]
[unrr.cz/en/mandatory-published-information/index.html]
[unrr.cz/en/jquery-swiper.html]
[unrr.cz/en/wp-block-library.html]
[unrr.cz/en/cookie-notice-front.html]
[unrr.cz/en/rotatingtweets.html]
[unrr.cz/en/orbisius_ct_itideas_child_theme_parent_style.html]
[unrr.cz/en/orbisius_ct_itideas_child_theme_parent_style_child_style.html]
[unrr.cz/en/cherry-google-fonts-itideas.html]
[unrr.cz/en/linearicons.html]
[unrr.cz/en/tm-builder-swiper.html]
[unrr.cz/en/tm-builder-modules-grid.html]
[unrr.cz/en/tm-builder-modules-style.html]
[unrr.cz/en/magnific-popup.html]
[unrr.cz/en/font-awesome.html]
[unrr.cz/en/tm-builder-modules-global-functions-script.html]
[unrr.cz/en/jquery-swiper-2.html]
[unrr.cz/en/cookie-notice-front-2.html]
[unrr.cz/en/cherry-post-formats.html]
[unrr.cz/en/google-maps-api.html]
[unrr.cz/en/divi-fitvids.html]
[unrr.cz/en/waypoints.html]
[unrr.cz/en/magnific-popup-2.html]
[unrr.cz/en/tm-jquery-touch-mobile.html]
[unrr.cz/en/tm-builder-frontend-closest-descendent.html]
[unrr.cz/en/tm-builder-frontend-reverse.html]
[unrr.cz/en/tm-builder-frontend-simple-carousel.html]
[unrr.cz/en/tm-builder-frontend-simple-slider.html]
[unrr.cz/en/tm-builder-frontend-easy-pie-chart.html]
[unrr.cz/en/tm-builder-frontend-tm-hash.html]
[unrr.cz/en/tm-builder-modules-script.html]
[unrr.cz/en/tm-builder-swiper-2.html]
[unrr.cz/en/fittext.html]
[unrr.cz/wp-content/cache/autoptimize/css/autoptimize_18f402404964cfb9e6140c4ab2a129bc.css]
[unrr.cz/index342f.html]
[unrr.cz/o-rade/jquery-swiper.html]
[unrr.cz/o-rade/wp-block-library.html]
[unrr.cz/o-rade/cookie-notice-front.html]
[unrr.cz/o-rade/rotatingtweets.html]
[unrr.cz/o-rade/orbisius_ct_itideas_child_theme_parent_style.html]
[unrr.cz/o-rade/orbisius_ct_itideas_child_theme_parent_style_child_style.html]
[unrr.cz/o-rade/cherry-google-fonts-itideas.html]
[unrr.cz/o-rade/linearicons.html]
[unrr.cz/o-rade/tm-builder-swiper.html]
[unrr.cz/o-rade/tm-builder-modules-grid.html]
[unrr.cz/o-rade/tm-builder-modules-style.html]
[unrr.cz/o-rade/magnific-popup.html]
[unrr.cz/o-rade/font-awesome.html]
[unrr.cz/o-rade/tm-builder-modules-global-functions-script.html]
[unrr.cz/o-rade/jquery-swiper-2.html]
[unrr.cz/o-rade/cookie-notice-front-2.html]
[unrr.cz/o-rade/cherry-post-formats.html]
[unrr.cz/o-rade/google-maps-api.html]
[unrr.cz/o-rade/divi-fitvids.html]
[unrr.cz/o-rade/waypoints.html]
[unrr.cz/o-rade/magnific-popup-2.html]
[unrr.cz/o-rade/tm-jquery-touch-mobile.html]
[unrr.cz/o-rade/tm-builder-frontend-closest-descendent.html]
[unrr.cz/o-rade/tm-builder-frontend-reverse.html]
[unrr.cz/o-rade/tm-builder-frontend-simple-carousel.html]
[unrr.cz/o-rade/tm-builder-frontend-simple-slider.html]
[unrr.cz/o-rade/tm-builder-frontend-easy-pie-chart.html]
[unrr.cz/o-rade/tm-builder-frontend-tm-hash.html]
[unrr.cz/o-rade/tm-builder-modules-script.html]
[unrr.cz/o-rade/tm-builder-swiper-2.html]
[unrr.cz/o-rade/fittext.html]
[unrr.cz/index9d49.html]
[unrr.cz/kdo-jsme-a-co-delame/jquery-swiper.html]
[unrr.cz/kdo-jsme-a-co-delame/wp-block-library.html]
[unrr.cz/kdo-jsme-a-co-delame/cookie-notice-front.html]
[unrr.cz/kdo-jsme-a-co-delame/rotatingtweets.html]
[unrr.cz/kdo-jsme-a-co-delame/orbisius_ct_itideas_child_theme_parent_style.html]
[unrr.cz/kdo-jsme-a-co-delame/orbisius_ct_itideas_child_theme_parent_style_child_style.html]
[unrr.cz/kdo-jsme-a-co-delame/cherry-google-fonts-itideas.html]
[unrr.cz/kdo-jsme-a-co-delame/linearicons.html]
[unrr.cz/kdo-jsme-a-co-delame/tm-builder-swiper.html]
[unrr.cz/kdo-jsme-a-co-delame/tm-builder-modules-grid.html]
[unrr.cz/kdo-jsme-a-co-delame/tm-builder-modules-style.html]
[unrr.cz/kdo-jsme-a-co-delame/magnific-popup.html]
[unrr.cz/kdo-jsme-a-co-delame/font-awesome.html]
[unrr.cz/kdo-jsme-a-co-delame/tm-builder-modules-global-functions-script.html]
[unrr.cz/kdo-jsme-a-co-delame/jquery-swiper-2.html]
[unrr.cz/kdo-jsme-a-co-delame/cookie-notice-front-2.html]
[unrr.cz/kdo-jsme-a-co-delame/cherry-post-formats.html]
[unrr.cz/kdo-jsme-a-co-delame/google-maps-api.html]
[unrr.cz/kdo-jsme-a-co-delame/divi-fitvids.html]
[unrr.cz/kdo-jsme-a-co-delame/waypoints.html]
[unrr.cz/kdo-jsme-a-co-delame/magnific-popup-2.html]
[unrr.cz/kdo-jsme-a-co-delame/tm-jquery-touch-mobile.html]
[unrr.cz/kdo-jsme-a-co-delame/tm-builder-frontend-closest-descendent.html]
[unrr.cz/kdo-jsme-a-co-delame/tm-builder-frontend-reverse.html]
[unrr.cz/kdo-jsme-a-co-delame/tm-builder-frontend-simple-carousel.html]
[unrr.cz/kdo-jsme-a-co-delame/tm-builder-frontend-simple-slider.html]
[unrr.cz/kdo-jsme-a-co-delame/tm-builder-frontend-easy-pie-chart.html]
[unrr.cz/kdo-jsme-a-co-delame/tm-builder-frontend-tm-hash.html]
[unrr.cz/kdo-jsme-a-co-delame/tm-builder-modules-script.html]
[unrr.cz/kdo-jsme-a-co-delame/tm-builder-swiper-2.html]
[unrr.cz/kdo-jsme-a-co-delame/fittext.html]
[unrr.cz/indexe2ec.html]
[unrr.cz/clenove-narodni-rozpoctove-rady/jquery-swiper.html]
[unrr.cz/clenove-narodni-rozpoctove-rady/wp-block-library.html]
[unrr.cz/clenove-narodni-rozpoctove-rady/cookie-notice-front.html]
[unrr.cz/clenove-narodni-rozpoctove-rady/rotatingtweets.html]
[unrr.cz/clenove-narodni-rozpoctove-rady/orbisius_ct_itideas_child_theme_parent_style.html]
[unrr.cz/clenove-narodni-rozpoctove-rady/orbisius_ct_itideas_child_theme_parent_style_child_style.html]
[unrr.cz/clenove-narodni-rozpoctove-rady/cherry-google-fonts-itideas.html]
[unrr.cz/clenove-narodni-rozpoctove-rady/linearicons.html]
[unrr.cz/clenove-narodni-rozpoctove-rady/tm-builder-swiper.html]
[unrr.cz/clenove-narodni-rozpoctove-rady/tm-builder-modules-grid.html]
[unrr.cz/clenove-narodni-rozpoctove-rady/tm-builder-modules-style.html]
[unrr.cz/clenove-narodni-rozpoctove-rady/magnific-popup.html]
[unrr.cz/clenove-narodni-rozpoctove-rady/font-awesome.html]
[unrr.cz/clenove-narodni-rozpoctove-rady/tm-builder-modules-global-functions-script.html]
[unrr.cz/clenove-narodni-rozpoctove-rady/jquery-swiper-2.html]
[unrr.cz/clenove-narodni-rozpoctove-rady/cookie-notice-front-2.html]
[unrr.cz/clenove-narodni-rozpoctove-rady/cherry-post-formats.html]
[unrr.cz/clenove-narodni-rozpoctove-rady/google-maps-api.html]
[unrr.cz/clenove-narodni-rozpoctove-rady/divi-fitvids.html]
[unrr.cz/clenove-narodni-rozpoctove-rady/waypoints.html]
[unrr.cz/clenove-narodni-rozpoctove-rady/magnific-popup-2.html]
[unrr.cz/clenove-narodni-rozpoctove-rady/tm-jquery-touch-mobile.html]
[unrr.cz/clenove-narodni-rozpoctove-rady/tm-builder-frontend-closest-descendent.html]
[unrr.cz/clenove-narodni-rozpoctove-rady/tm-builder-frontend-reverse.html]
[unrr.cz/clenove-narodni-rozpoctove-rady/tm-builder-frontend-simple-carousel.html]
[unrr.cz/clenove-narodni-rozpoctove-rady/tm-builder-frontend-simple-slider.html]
[unrr.cz/clenove-narodni-rozpoctove-rady/tm-builder-frontend-easy-pie-chart.html]
[unrr.cz/clenove-narodni-rozpoctove-rady/tm-builder-frontend-tm-hash.html]
[unrr.cz/clenove-narodni-rozpoctove-rady/tm-builder-modules-script.html]
[unrr.cz/clenove-narodni-rozpoctove-rady/tm-builder-swiper-2.html]
[unrr.cz/clenove-narodni-rozpoctove-rady/fittext.html]
[unrr.cz/indexb2a8.html]
[unrr.cz/vybor-pro-rozpoctove-prognozy/jquery-swiper.html]
[unrr.cz/vybor-pro-rozpoctove-prognozy/wp-block-library.html]
[unrr.cz/vybor-pro-rozpoctove-prognozy/cookie-notice-front.html]
[unrr.cz/vybor-pro-rozpoctove-prognozy/rotatingtweets.html]
[unrr.cz/vybor-pro-rozpoctove-prognozy/orbisius_ct_itideas_child_theme_parent_style.html]
[unrr.cz/vybor-pro-rozpoctove-prognozy/orbisius_ct_itideas_child_theme_parent_style_child_style.html]
[unrr.cz/vybor-pro-rozpoctove-prognozy/cherry-google-fonts-itideas.html]
[unrr.cz/vybor-pro-rozpoctove-prognozy/linearicons.html]
[unrr.cz/vybor-pro-rozpoctove-prognozy/tm-builder-swiper.html]
[unrr.cz/vybor-pro-rozpoctove-prognozy/tm-builder-modules-grid.html]
[unrr.cz/vybor-pro-rozpoctove-prognozy/tm-builder-modules-style.html]
[unrr.cz/vybor-pro-rozpoctove-prognozy/magnific-popup.html]
[unrr.cz/vybor-pro-rozpoctove-prognozy/font-awesome.html]
[unrr.cz/vybor-pro-rozpoctove-prognozy/tm-builder-modules-global-functions-script.html]
[unrr.cz/vybor-pro-rozpoctove-prognozy/jquery-swiper-2.html]
[unrr.cz/vybor-pro-rozpoctove-prognozy/cookie-notice-front-2.html]
[unrr.cz/vybor-pro-rozpoctove-prognozy/cherry-post-formats.html]
[unrr.cz/vybor-pro-rozpoctove-prognozy/google-maps-api.html]
[unrr.cz/vybor-pro-rozpoctove-prognozy/divi-fitvids.html]
[unrr.cz/vybor-pro-rozpoctove-prognozy/waypoints.html]
[unrr.cz/vybor-pro-rozpoctove-prognozy/magnific-popup-2.html]
[unrr.cz/vybor-pro-rozpoctove-prognozy/tm-jquery-touch-mobile.html]
[unrr.cz/vybor-pro-rozpoctove-prognozy/tm-builder-frontend-closest-descendent.html]
[unrr.cz/vybor-pro-rozpoctove-prognozy/tm-builder-frontend-reverse.html]
[unrr.cz/vybor-pro-rozpoctove-prognozy/tm-builder-frontend-simple-carousel.html]
[unrr.cz/vybor-pro-rozpoctove-prognozy/tm-builder-frontend-simple-slider.html]
[unrr.cz/vybor-pro-rozpoctove-prognozy/tm-builder-frontend-easy-pie-chart.html]
[unrr.cz/vybor-pro-rozpoctove-prognozy/tm-builder-frontend-tm-hash.html]
[unrr.cz/vybor-pro-rozpoctove-prognozy/tm-builder-modules-script.html]
[unrr.cz/vybor-pro-rozpoctove-prognozy/tm-builder-swiper-2.html]
[unrr.cz/vybor-pro-rozpoctove-prognozy/fittext.html]
[unrr.cz/indexe618.html]
[unrr.cz/casto-kladene-otazky/jquery-swiper.html]
[unrr.cz/casto-kladene-otazky/wp-block-library.html]
[unrr.cz/casto-kladene-otazky/cookie-notice-front.html]
[unrr.cz/casto-kladene-otazky/rotatingtweets.html]
[unrr.cz/casto-kladene-otazky/orbisius_ct_itideas_child_theme_parent_style.html]
[unrr.cz/casto-kladene-otazky/orbisius_ct_itideas_child_theme_parent_style_child_style.html]
[unrr.cz/casto-kladene-otazky/cherry-google-fonts-itideas.html]
[unrr.cz/casto-kladene-otazky/linearicons.html]
[unrr.cz/casto-kladene-otazky/tm-builder-swiper.html]
[unrr.cz/casto-kladene-otazky/tm-builder-modules-grid.html]
[unrr.cz/casto-kladene-otazky/tm-builder-modules-style.html]
[unrr.cz/casto-kladene-otazky/magnific-popup.html]
[unrr.cz/casto-kladene-otazky/font-awesome.html]
[unrr.cz/casto-kladene-otazky/tm-builder-modules-global-functions-script.html]
[unrr.cz/casto-kladene-otazky/jquery-swiper-2.html]
[unrr.cz/casto-kladene-otazky/cookie-notice-front-2.html]
[unrr.cz/casto-kladene-otazky/cherry-post-formats.html]
[unrr.cz/casto-kladene-otazky/google-maps-api.html]
[unrr.cz/casto-kladene-otazky/divi-fitvids.html]
[unrr.cz/casto-kladene-otazky/waypoints.html]
[unrr.cz/casto-kladene-otazky/magnific-popup-2.html]
[unrr.cz/casto-kladene-otazky/tm-jquery-touch-mobile.html]
[unrr.cz/casto-kladene-otazky/tm-builder-frontend-closest-descendent.html]
[unrr.cz/casto-kladene-otazky/tm-builder-frontend-reverse.html]
[unrr.cz/casto-kladene-otazky/tm-builder-frontend-simple-carousel.html]
[unrr.cz/casto-kladene-otazky/tm-builder-frontend-simple-slider.html]
[unrr.cz/casto-kladene-otazky/tm-builder-frontend-easy-pie-chart.html]
[unrr.cz/casto-kladene-otazky/tm-builder-frontend-tm-hash.html]
[unrr.cz/casto-kladene-otazky/tm-builder-modules-script.html]
[unrr.cz/casto-kladene-otazky/tm-builder-swiper-2.html]
[unrr.cz/casto-kladene-otazky/fittext.html]
[unrr.cz/index2026.html]
[unrr.cz/vydavame/jquery-swiper.html]
[unrr.cz/vydavame/wp-block-library.html]
[unrr.cz/vydavame/cookie-notice-front.html]
[unrr.cz/vydavame/rotatingtweets.html]
[unrr.cz/vydavame/orbisius_ct_itideas_child_theme_parent_style.html]
[unrr.cz/vydavame/orbisius_ct_itideas_child_theme_parent_style_child_style.html]
[unrr.cz/vydavame/cherry-google-fonts-itideas.html]
[unrr.cz/vydavame/linearicons.html]
[unrr.cz/vydavame/tm-builder-swiper.html]
[unrr.cz/vydavame/tm-builder-modules-grid.html]
[unrr.cz/vydavame/tm-builder-modules-style.html]
[unrr.cz/vydavame/magnific-popup.html]
[unrr.cz/vydavame/font-awesome.html]
[unrr.cz/vydavame/tm-builder-modules-global-functions-script.html]
[unrr.cz/vydavame/jquery-swiper-2.html]
[unrr.cz/vydavame/cookie-notice-front-2.html]
[unrr.cz/vydavame/cherry-post-formats.html]
[unrr.cz/vydavame/google-maps-api.html]
[unrr.cz/vydavame/divi-fitvids.html]
[unrr.cz/vydavame/waypoints.html]
[unrr.cz/vydavame/magnific-popup-2.html]
[unrr.cz/vydavame/tm-jquery-touch-mobile.html]
[unrr.cz/vydavame/tm-builder-frontend-closest-descendent.html]
[unrr.cz/vydavame/tm-builder-frontend-reverse.html]
[unrr.cz/vydavame/tm-builder-frontend-simple-carousel.html]
[unrr.cz/vydavame/tm-builder-frontend-simple-slider.html]
[unrr.cz/vydavame/tm-builder-frontend-easy-pie-chart.html]
[unrr.cz/vydavame/tm-builder-frontend-tm-hash.html]
[unrr.cz/vydavame/tm-builder-modules-script.html]
[unrr.cz/vydavame/tm-builder-swiper-2.html]
[unrr.cz/vydavame/fittext.html]
[unrr.cz/index820a.html]
[unrr.cz/vydavame/sdeleni/jquery-swiper.html]
[unrr.cz/vydavame/sdeleni/wp-block-library.html]
[unrr.cz/vydavame/sdeleni/cookie-notice-front.html]
[unrr.cz/vydavame/sdeleni/rotatingtweets.html]
[unrr.cz/vydavame/sdeleni/orbisius_ct_itideas_child_theme_parent_style.html]
[unrr.cz/vydavame/sdeleni/orbisius_ct_itideas_child_theme_parent_style_child_style.html]
[unrr.cz/vydavame/sdeleni/cherry-google-fonts-itideas.html]
[unrr.cz/vydavame/sdeleni/linearicons.html]
[unrr.cz/vydavame/sdeleni/tm-builder-swiper.html]
[unrr.cz/vydavame/sdeleni/tm-builder-modules-grid.html]
[unrr.cz/vydavame/sdeleni/tm-builder-modules-style.html]
[unrr.cz/vydavame/sdeleni/magnific-popup.html]
[unrr.cz/vydavame/sdeleni/font-awesome.html]
[unrr.cz/vydavame/sdeleni/tm-builder-modules-global-functions-script.html]
[unrr.cz/vydavame/sdeleni/jquery-swiper-2.html]
[unrr.cz/vydavame/sdeleni/cookie-notice-front-2.html]
[unrr.cz/vydavame/sdeleni/cherry-post-formats.html]
[unrr.cz/vydavame/sdeleni/google-maps-api.html]
[unrr.cz/vydavame/sdeleni/divi-fitvids.html]
[unrr.cz/vydavame/sdeleni/waypoints.html]
[unrr.cz/vydavame/sdeleni/magnific-popup-2.html]
[unrr.cz/vydavame/sdeleni/tm-jquery-touch-mobile.html]
[unrr.cz/vydavame/sdeleni/tm-builder-frontend-closest-descendent.html]
[unrr.cz/vydavame/sdeleni/tm-builder-frontend-reverse.html]
[unrr.cz/vydavame/sdeleni/tm-builder-frontend-simple-carousel.html]
[unrr.cz/vydavame/sdeleni/tm-builder-frontend-simple-slider.html]
[unrr.cz/vydavame/sdeleni/tm-builder-frontend-easy-pie-chart.html]
[unrr.cz/vydavame/sdeleni/tm-builder-frontend-tm-hash.html]
[unrr.cz/vydavame/sdeleni/tm-builder-modules-script.html]
[unrr.cz/vydavame/sdeleni/tm-builder-swiper-2.html]
[unrr.cz/vydavame/sdeleni/fittext.html]
[unrr.cz/index576e.html]
[unrr.cz/vydavame/stanoviska/jquery-swiper.html]
[unrr.cz/vydavame/stanoviska/wp-block-library.html]
[unrr.cz/vydavame/stanoviska/cookie-notice-front.html]
[unrr.cz/vydavame/stanoviska/rotatingtweets.html]
[unrr.cz/vydavame/stanoviska/orbisius_ct_itideas_child_theme_parent_style.html]
[unrr.cz/vydavame/stanoviska/orbisius_ct_itideas_child_theme_parent_style_child_style.html]
[unrr.cz/vydavame/stanoviska/cherry-google-fonts-itideas.html]
[unrr.cz/vydavame/stanoviska/linearicons.html]
[unrr.cz/vydavame/stanoviska/tm-builder-swiper.html]
[unrr.cz/vydavame/stanoviska/tm-builder-modules-grid.html]
[unrr.cz/vydavame/stanoviska/tm-builder-modules-style.html]
[unrr.cz/vydavame/stanoviska/magnific-popup.html]
[unrr.cz/vydavame/stanoviska/font-awesome.html]
[unrr.cz/vydavame/stanoviska/tm-builder-modules-global-functions-script.html]
[unrr.cz/vydavame/stanoviska/jquery-swiper-2.html]
[unrr.cz/vydavame/stanoviska/cookie-notice-front-2.html]
[unrr.cz/vydavame/stanoviska/cherry-post-formats.html]
[unrr.cz/vydavame/stanoviska/google-maps-api.html]
[unrr.cz/vydavame/stanoviska/divi-fitvids.html]
[unrr.cz/vydavame/stanoviska/waypoints.html]
[unrr.cz/vydavame/stanoviska/magnific-popup-2.html]
[unrr.cz/vydavame/stanoviska/tm-jquery-touch-mobile.html]
[unrr.cz/vydavame/stanoviska/tm-builder-frontend-closest-descendent.html]
[unrr.cz/vydavame/stanoviska/tm-builder-frontend-reverse.html]
[unrr.cz/vydavame/stanoviska/tm-builder-frontend-simple-carousel.html]
[unrr.cz/vydavame/stanoviska/tm-builder-frontend-simple-slider.html]
[unrr.cz/vydavame/stanoviska/tm-builder-frontend-easy-pie-chart.html]
[unrr.cz/vydavame/stanoviska/tm-builder-frontend-tm-hash.html]
[unrr.cz/vydavame/stanoviska/tm-builder-modules-script.html]
[unrr.cz/vydavame/stanoviska/tm-builder-swiper-2.html]
[unrr.cz/vydavame/stanoviska/fittext.html]
[unrr.cz/index6c3c.html]
[unrr.cz/vydavame/studie/jquery-swiper.html]
[unrr.cz/vydavame/studie/wp-block-library.html]
[unrr.cz/vydavame/studie/cookie-notice-front.html]
[unrr.cz/vydavame/studie/rotatingtweets.html]
[unrr.cz/vydavame/studie/orbisius_ct_itideas_child_theme_parent_style.html]
[unrr.cz/vydavame/studie/orbisius_ct_itideas_child_theme_parent_style_child_style.html]
[unrr.cz/vydavame/studie/cherry-google-fonts-itideas.html]
[unrr.cz/vydavame/studie/linearicons.html]
[unrr.cz/vydavame/studie/tm-builder-swiper.html]
[unrr.cz/vydavame/studie/tm-builder-modules-grid.html]
[unrr.cz/vydavame/studie/tm-builder-modules-style.html]
[unrr.cz/vydavame/studie/magnific-popup.html]
[unrr.cz/vydavame/studie/font-awesome.html]
[unrr.cz/vydavame/studie/tm-builder-modules-global-functions-script.html]
[unrr.cz/vydavame/studie/jquery-swiper-2.html]
[unrr.cz/vydavame/studie/cookie-notice-front-2.html]
[unrr.cz/vydavame/studie/cherry-post-formats.html]
[unrr.cz/vydavame/studie/google-maps-api.html]
[unrr.cz/vydavame/studie/divi-fitvids.html]
[unrr.cz/vydavame/studie/waypoints.html]
[unrr.cz/vydavame/studie/magnific-popup-2.html]
[unrr.cz/vydavame/studie/tm-jquery-touch-mobile.html]
[unrr.cz/vydavame/studie/tm-builder-frontend-closest-descendent.html]
[unrr.cz/vydavame/studie/tm-builder-frontend-reverse.html]
[unrr.cz/vydavame/studie/tm-builder-frontend-simple-carousel.html]
[unrr.cz/vydavame/studie/tm-builder-frontend-simple-slider.html]
[unrr.cz/vydavame/studie/tm-builder-frontend-easy-pie-chart.html]
[unrr.cz/vydavame/studie/tm-builder-frontend-tm-hash.html]
[unrr.cz/vydavame/studie/tm-builder-modules-script.html]
[unrr.cz/vydavame/studie/tm-builder-swiper-2.html]
